src/components/Modals/CompareModal.tsx(5,8): error TS7016: Could not find a declaration file for module 'recharts'. 'C:/Users/Zorann - Piter/Desktop/ProStatClub/node_modules/recharts/lib/index.js' implicitly has an 'any' type.
  Try `npm i --save-dev @types/recharts` if it exists or add a new declaration (.d.ts) file containing `declare module 'recharts';`
src/components/Modals/PlayerModal.tsx(5,8): error TS7016: Could not find a declaration file for module 'recharts'. 'C:/Users/Zorann - Piter/Desktop/ProStatClub/node_modules/recharts/lib/index.js' implicitly has an 'any' type.
  Try `npm i --save-dev @types/recharts` if it exists or add a new declaration (.d.ts) file containing `declare module 'recharts';`
src/components/Sidebar/CompareTab.tsx(9,8): error TS7016: Could not find a declaration file for module 'recharts'. 'C:/Users/Zorann - Piter/Desktop/ProStatClub/node_modules/recharts/lib/index.js' implicitly has an 'any' type.
  Try `npm i --save-dev @types/recharts` if it exists or add a new declaration (.d.ts) file containing `declare module 'recharts';`
src/components/Tabs/ChartsTab.tsx(7,8): error TS7016: Could not find a declaration file for module 'recharts'. 'C:/Users/Zorann - Piter/Desktop/ProStatClub/node_modules/recharts/lib/index.js' implicitly has an 'any' type.
  Try `npm i --save-dev @types/recharts` if it exists or add a new declaration (.d.ts) file containing `declare module 'recharts';`
src/components/Tabs/ChartsTab.tsx(258,33): error TS7006: Parameter 'v' implicitly has an 'any' type.
src/components/Tabs/ChartsTab.tsx(258,36): error TS7006: Parameter 'name' implicitly has an 'any' type.
src/components/Tabs/ChartsTab.tsx(363,29): error TS7006: Parameter 'v' implicitly has an 'any' type.
src/components/Tabs/ChartsTab.tsx(495,29): error TS7006: Parameter 'v' implicitly has an 'any' type.
src/components/Tabs/ChartsTab.tsx(538,27): error TS7006: Parameter 'v' implicitly has an 'any' type.
src/components/Tabs/ChartsTab.tsx(578,27): error TS7006: Parameter 'v' implicitly has an 'any' type.
src/components/Tabs/ChartsTab.tsx(578,30): error TS7006: Parameter 'name' implicitly has an 'any' type.
src/components/Tabs/ChartsTab.tsx(689,27): error TS7006: Parameter 'v' implicitly has an 'any' type.
src/components/Tabs/MatchesTab.tsx(3,92): error TS7016: Could not find a declaration file for module 'recharts'. 'C:/Users/Zorann - Piter/Desktop/ProStatClub/node_modules/recharts/lib/index.js' implicitly has an 'any' type.
  Try `npm i --save-dev @types/recharts` if it exists or add a new declaration (.d.ts) file containing `declare module 'recharts';`
src/components/Tabs/MatchesTab.tsx(405,38): error TS7031: Binding element 'payload' implicitly has an 'any' type.
src/components/Tabs/MatchesTab.tsx(415,25): error TS7006: Parameter 'props' implicitly has an 'any' type.
src/components/Tabs/MyProfilePage.tsx(3,107): error TS7016: Could not find a declaration file for module 'recharts'. 'C:/Users/Zorann - Piter/Desktop/ProStatClub/node_modules/recharts/lib/index.js' implicitly has an 'any' type.
  Try `npm i --save-dev @types/recharts` if it exists or add a new declaration (.d.ts) file containing `declare module 'recharts';`
src/components/Tabs/PlayersTab.tsx(4,1): error TS6192: All imports in import declaration are unused.
src/components/Tabs/PlayersTab.tsx(5,10): error TS6133: 'generateSessionSummary' is declared but its value is never read.
src/components/Tabs/PlayersTab.tsx(6,1): error TS6133: 'AIPanel' is declared but its value is never read.
src/components/Tabs/PlayersTab.tsx(7,1): error TS6133: 'sendDiscordWebhook' is declared but its value is never read.
src/components/Tabs/SessionTab.tsx(10,8): error TS7016: Could not find a declaration file for module 'recharts'. 'C:/Users/Zorann - Piter/Desktop/ProStatClub/node_modules/recharts/lib/index.js' implicitly has an 'any' type.
  Try `npm i --save-dev @types/recharts` if it exists or add a new declaration (.d.ts) file containing `declare module 'recharts';`
src/components/Tabs/SessionTab.tsx(945,37): error TS7006: Parameter 'v' implicitly has an 'any' type.
src/components/Tabs/SessionTab.tsx(945,40): error TS7006: Parameter 'name' implicitly has an 'any' type.
src/utils/aiEngine.ts(236,47): error TS18048: 'p.interceptions' is possibly 'undefined'.
src/utils/aiEngine.ts(237,47): error TS18048: 'p.interceptions' is possibly 'undefined'.
src/utils/aiEngine.ts(238,27): error TS18048: 'p.saveAttempts' is possibly 'undefined'.
src/utils/aiEngine.ts(238,48): error TS18048: 'p.cleanSheets' is possibly 'undefined'.
src/utils/pdfExport.ts(189,43): error TS7016: Could not find a declaration file for module 'jspdf'. 'C:/Users/Zorann - Piter/Desktop/ProStatClub/node_modules/jspdf/dist/jspdf.es.min.js' implicitly has an 'any' type.
  Try `npm i --save-dev @types/jspdf` if it exists or add a new declaration (.d.ts) file containing `declare module 'jspdf';`
src/utils/pdfExport.ts(309,43): error TS7016: Could not find a declaration file for module 'jspdf'. 'C:/Users/Zorann - Piter/Desktop/ProStatClub/node_modules/jspdf/dist/jspdf.es.min.js' implicitly has an 'any' type.
  Try `npm i --save-dev @types/jspdf` if it exists or add a new declaration (.d.ts) file containing `declare module 'jspdf';`
src/utils/pdfExport.ts(488,43): error TS7016: Could not find a declaration file for module 'jspdf'. 'C:/Users/Zorann - Piter/Desktop/ProStatClub/node_modules/jspdf/dist/jspdf.es.min.js' implicitly has an 'any' type.
  Try `npm i --save-dev @types/jspdf` if it exists or add a new declaration (.d.ts) file containing `declare module 'jspdf';`
src/utils/pdfExport.ts(808,43): error TS7016: Could not find a declaration file for module 'jspdf'. 'C:/Users/Zorann - Piter/Desktop/ProStatClub/node_modules/jspdf/dist/jspdf.es.min.js' implicitly has an 'any' type.
  Try `npm i --save-dev @types/jspdf` if it exists or add a new declaration (.d.ts) file containing `declare module 'jspdf';`
